[debug] [2026-09-15T05:16:07.239Z] ----------------------------------------------------------------------
[debug] [2026-09-15T05:16:07.241Z] Command:       /opt/homebrew/Cellar/node/26.7.0/bin/node /opt/homebrew/bin/firebase projects:list --json
[debug] [2026-09-15T05:16:07.241Z] CLI Version:   15.30.1
[debug] [2026-09-15T05:16:07.241Z] Platform:      darwin
[debug] [2026-09-15T05:16:07.241Z] Node Version:  v26.7.0
[debug] [2026-09-15T05:16:07.241Z] Detected Agent: unknown
[debug] [2026-09-15T05:16:07.241Z] Time:          Tue Sep 15 2026 10:46:07 GMT+0530 (India Standard Time)
[debug] [2026-09-15T05:16:07.241Z] ----------------------------------------------------------------------
[debug] 
[debug] [2026-09-15T05:16:07.245Z] > command requires scopes: ["email","openid","https://www.googleapis.com/auth/cloudplatformprojects.readonly","https://www.googleapis.com/auth/firebase","https://www.googleapis.com/auth/cloud-platform"]
[debug] [2026-09-15T05:16:07.246Z] > authorizing via signed-in user (nivedita10012006@gmail.com)
[debug] [2026-09-15T05:16:07.264Z] Checked if tokens are valid: false, expires at: 1766688094859
[debug] [2026-09-15T05:16:07.264Z] Checked if tokens are valid: false, expires at: 1766688094859
[debug] [2026-09-15T05:16:07.264Z] > refreshing access token with scopes: []
[debug] [2026-09-15T05:16:07.266Z] >>> [apiv2][query] POST https://www.googleapis.com/oauth2/v3/token [none]
[debug] [2026-09-15T05:16:07.266Z] >>> [apiv2][body] POST https://www.googleapis.com/oauth2/v3/token [omitted]
[debug] [2026-09-15T05:16:07.613Z] <<< [apiv2][status] POST https://www.googleapis.com/oauth2/v3/token 400
[debug] [2026-09-15T05:16:07.614Z] <<< [apiv2][body] POST https://www.googleapis.com/oauth2/v3/token [omitted]
[debug] [2026-09-15T05:16:07.614Z] >>> [apiv2][query] GET https://firebase.googleapis.com/v1beta1/projects pageSize=1000
[debug] [2026-09-15T05:16:08.016Z] <<< [apiv2][status] GET https://firebase.googleapis.com/v1beta1/projects 401
[debug] [2026-09-15T05:16:08.016Z] <<< [apiv2][body] GET https://firebase.googleapis.com/v1beta1/projects [omitted]
[debug] [2026-09-15T05:16:08.016Z] Got a 401 Unauthenticated error for a call that required authentication. Refreshing tokens.
[debug] [2026-09-15T05:16:08.017Z] Checked if tokens are valid: false, expires at: 1766688094859
[debug] [2026-09-15T05:16:08.017Z] Checked if tokens are valid: false, expires at: 1766688094859
[debug] [2026-09-15T05:16:08.017Z] > refreshing access token with scopes: []
[debug] [2026-09-15T05:16:08.017Z] >>> [apiv2][query] POST https://www.googleapis.com/oauth2/v3/token [none]
[debug] [2026-09-15T05:16:08.017Z] >>> [apiv2][body] POST https://www.googleapis.com/oauth2/v3/token [omitted]
[debug] [2026-09-15T05:16:08.133Z] <<< [apiv2][status] POST https://www.googleapis.com/oauth2/v3/token 400
[debug] [2026-09-15T05:16:08.133Z] <<< [apiv2][body] POST https://www.googleapis.com/oauth2/v3/token [omitted]
[debug] [2026-09-15T05:16:08.135Z] Request to https://firebase.googleapis.com/v1beta1/projects?pageSize=1000 had HTTP Error: 401, Request had invalid authentication credentials. Expected OAuth 2 access token, login cookie or other valid authentication credential. See https://developers.google.com/identity/sign-in/web/devconsole-project.
[debug] [2026-09-15T05:16:08.138Z] FirebaseError: Request to https://firebase.googleapis.com/v1beta1/projects?pageSize=1000 had HTTP Error: 401, Request had invalid authentication credentials. Expected OAuth 2 access token, login cookie or other valid authentication credential. See https://developers.google.com/identity/sign-in/web/devconsole-project.
    at responseToError (/opt/homebrew/lib/node_modules/firebase-tools/lib/responseToError.js:53:12)
    at RetryOperation._fn (/opt/homebrew/lib/node_modules/firebase-tools/lib/apiv2.js:415:77)
    at process.processTicksAndRejections (node:internal/process/task_queues:104:5)
[error] 
[error] Error: Failed to list Firebase projects. See firebase-debug.log for more info.
